[www.bandungbandarasoetta.id/index.html]
[www.bandungbandarasoetta.id/xmlrpc.php]
[backblue.gif]
[fade.gif]
[index.html]
[www.bandungbandarasoetta.id/wp-content/themes/flatsome/assets/js/chunk.countupab82.js]
[www.bandungbandarasoetta.id/wp-content/themes/flatsome/assets/js/chunk.sticky-sidebarab82.js]
[www.bandungbandarasoetta.id/wp-content/themes/flatsome/assets/js/chunk.tooltipsab82.js]
[www.bandungbandarasoetta.id/wp-content/themes/flatsome/assets/js/chunk.vendors-popupsab82.js]
[www.bandungbandarasoetta.id/wp-content/themes/flatsome/assets/js/chunk.vendors-sliderab82.js]
[www.bandungbandarasoetta.id/wp-includes/css/classic-themes.min68b3.css]
[www.bandungbandarasoetta.id/wp-content/plugins/chaty/css/chaty-front.min632a.css]
[www.bandungbandarasoetta.id/wp-content/themes/flatsome/assets/css/flatsomeab82.css]
[www.bandungbandarasoetta.id/wp-content/themes/flatsome/assets/css/icons/fl-iconsd7b9.eot]
[www.bandungbandarasoetta.id/feed/index.html]
[www.bandungbandarasoetta.id/wp-content/themes/flatsome/assets/css/icons/fl-icons.eot]
[www.bandungbandarasoetta.id/wp-content/themes/flatsome/assets/css/icons/fl-iconsd7b9.woff2]
[www.bandungbandarasoetta.id/wp-content/themes/flatsome/assets/css/icons/fl-iconsd7b9.ttf]
[www.bandungbandarasoetta.id/wp-content/themes/flatsome/assets/css/icons/fl-iconsd7b9.woff]
[www.bandungbandarasoetta.id/comments/feed/index.html]
[www.bandungbandarasoetta.id/wp-content/themes/flatsome/assets/css/icons/fl-iconsd7b9.svg]
[www.bandungbandarasoetta.id/wp-content/themes/flatsome/styleab82.css]
[www.bandungbandarasoetta.id/wp-includes/js/jquery/jquery.mina7a0.js]
[www.bandungbandarasoetta.id/wp-includes/js/jquery/jquery-migrate.mind617.js]
[www.bandungbandarasoetta.id/wp-content/plugins/chaty/js/cht-front-script.min632a.js]
[www.bandungbandarasoetta.id/wp-json/wp/v2/pages/786.json]
[www.bandungbandarasoetta.id/wp-json/index.html]
[www.bandungbandarasoetta.id/xmlrpc0db0.php]
[www.bandungbandarasoetta.id/wp-includes/wlwmanifest.xml]
[www.bandungbandarasoetta.id/wp-json/oembed/1.0/embedefce.json]
[www.bandungbandarasoetta.id/wp-json/oembed/1.0/embedd807]
[www.bandungbandarasoetta.id/wp-content/uploads/2022/09/cropped-icon-2-32x32.png]
[www.bandungbandarasoetta.id/wp-content/uploads/2022/09/cropped-icon-2-192x192.png]
[www.bandungbandarasoetta.id/wp-content/uploads/2022/09/cropped-icon-2-180x180.png]
[www.bandungbandarasoetta.id/home/n1602214/public_html/rafaeltourtravel.net/wp-content/fonts/poppins/pxiEyp8kv8JHgFVrJJbedHFHGPezSQ.woff]
[www.bandungbandarasoetta.id/home/n1602214/public_html/rafaeltourtravel.net/wp-content/fonts/poppins/pxiEyp8kv8JHgFVrJJnedHFHGPezSQ.woff]
[www.bandungbandarasoetta.id/home/n1602214/public_html/rafaeltourtravel.net/wp-content/fonts/poppins/pxiEyp8kv8JHgFVrJJfedHFHGPc.woff]
[www.bandungbandarasoetta.id/home/n1602214/public_html/rafaeltourtravel.net/wp-content/fonts/poppins/pxiByp8kv8JHgFVrLGT9Z11lE92JQEl8qw.woff]
[www.bandungbandarasoetta.id/home/n1602214/public_html/rafaeltourtravel.net/wp-content/fonts/poppins/pxiByp8kv8JHgFVrLGT9Z1JlE92JQEl8qw.woff]
[www.bandungbandarasoetta.id/home/n1602214/public_html/rafaeltourtravel.net/wp-content/fonts/poppins/pxiByp8kv8JHgFVrLGT9Z1xlE92JQEk.woff]
[www.bandungbandarasoetta.id/home/n1602214/public_html/rafaeltourtravel.net/wp-content/fonts/poppins/pxiByp8kv8JHgFVrLBT5Z11lE92JQEl8qw.woff]
[www.bandungbandarasoetta.id/home/n1602214/public_html/rafaeltourtravel.net/wp-content/fonts/poppins/pxiByp8kv8JHgFVrLBT5Z1JlE92JQEl8qw.woff]
[www.bandungbandarasoetta.id/home/n1602214/public_html/rafaeltourtravel.net/wp-content/fonts/poppins/pxiByp8kv8JHgFVrLBT5Z1xlE92JQEk.woff]
[www.bandungbandarasoetta.id/home/n1602214/public_html/rafaeltourtravel.net/wp-content/fonts/dancing-script/If2cXTr6YS-zF4S-kcSWSVi_sxjsohD9F50Ruu7BMSo3Rep6hNX6pmRMjLo.woff]
[www.bandungbandarasoetta.id/home/n1602214/public_html/rafaeltourtravel.net/wp-content/fonts/dancing-script/If2cXTr6YS-zF4S-kcSWSVi_sxjsohD9F50Ruu7BMSo3ROp6hNX6pmRMjLo.woff]
[www.bandungbandarasoetta.id/home/n1602214/public_html/rafaeltourtravel.net/wp-content/fonts/dancing-script/If2cXTr6YS-zF4S-kcSWSVi_sxjsohD9F50Ruu7BMSo3Sup6hNX6pmRM.woff]
[www.bandungbandarasoetta.id/wp-content/uploads/2022/09/logo-transparant.png]
[www.bandungbandarasoetta.id/wp-content/uploads/2022/09/banner-2-800x800.png]
[www.bandungbandarasoetta.id/wp-content/uploads/2022/09/travel-3-01.png]
[www.bandungbandarasoetta.id/wp-content/uploads/2022/09/banner.jpg]
[www.bandungbandarasoetta.id/wp-content/uploads/2020/11/New_Avanza.png]
[www.bandungbandarasoetta.id/wp-content/uploads/2020/11/innova.png]
[www.bandungbandarasoetta.id/wp-content/uploads/2020/11/Toyota-Hiace.png]
[www.bandungbandarasoetta.id/wp-content/uploads/2020/11/Elf-Long-200px.png]
[www.bandungbandarasoetta.id/wp-content/uploads/2022/09/voo-qqq-RSYBi_1fhfM-unsplash.jpg]
[www.bandungbandarasoetta.id/wp-content/themes/flatsome/inc/extensions/flatsome-live-search/flatsome-live-searchab82.js]
[www.bandungbandarasoetta.id/wp-includes/js/dist/vendor/regenerator-runtime.min3937.js]
[www.bandungbandarasoetta.id/wp-includes/js/dist/vendor/wp-polyfill.min2c7c.js]
[www.bandungbandarasoetta.id/wp-includes/js/hoverIntent.min3e5a.js]
[www.bandungbandarasoetta.id/index.html]
[www.bandungbandarasoetta.id/wp-content/themes/flatsome/assets/js/flatsome359c.js]
[www.bandungbandarasoetta.id/xmlrpc.php]
[www.bandungbandarasoetta.id/wp-includes/css/classic-themes.min68b3.css]
[www.bandungbandarasoetta.id/wp-content/plugins/chaty/images/whatsapp.png]
[www.bandungbandarasoetta.id/wp-content/plugins/chaty/images/header-top.png]
[www.bandungbandarasoetta.id/wp-content/plugins/chaty/images/header-bottom.png]
[www.bandungbandarasoetta.id/wp-content/plugins/chaty/css/chaty-front.min632a.css]
[www.bandungbandarasoetta.id/wp-content/themes/flatsome/assets/img/shadow@2x.png]
[www.bandungbandarasoetta.id/wp-content/themes/flatsome/assets/img/underline.png]
[www.bandungbandarasoetta.id/wp-content/themes/flatsome/assets/css/flatsomeab82.css]
[www.bandungbandarasoetta.id/wp-content/themes/flatsome/assets/css/icons/fl-iconsd7b9.svg]
[www.bandungbandarasoetta.id/wp-content/themes/flatsome/styleab82.css]
[www.googletagmanager.com/gtm5445.html]
[www.bandungbandarasoetta.id/home/n1602214/public_html/rafaeltourtravel.net/wp-content/fonts/poppins/pxiEyp8kv8JHgFVrJJbedHFHGPezSQ.html]
[www.bandungbandarasoetta.id/home/n1602214/public_html/rafaeltourtravel.net/wp-content/fonts/poppins/pxiEyp8kv8JHgFVrJJnedHFHGPezSQ.html]
[www.bandungbandarasoetta.id/home/n1602214/public_html/rafaeltourtravel.net/wp-content/fonts/poppins/pxiEyp8kv8JHgFVrJJfedHFHGPc.html]
[www.bandungbandarasoetta.id/home/n1602214/public_html/rafaeltourtravel.net/wp-content/fonts/poppins/pxiByp8kv8JHgFVrLGT9Z11lE92JQEl8qw.html]
[www.bandungbandarasoetta.id/home/n1602214/public_html/rafaeltourtravel.net/wp-content/fonts/poppins/pxiByp8kv8JHgFVrLGT9Z1JlE92JQEl8qw.html]
[www.bandungbandarasoetta.id/home/n1602214/public_html/rafaeltourtravel.net/wp-content/fonts/poppins/pxiByp8kv8JHgFVrLGT9Z1xlE92JQEk.html]
[www.bandungbandarasoetta.id/home/n1602214/public_html/rafaeltourtravel.net/wp-content/fonts/poppins/pxiByp8kv8JHgFVrLBT5Z11lE92JQEl8qw.html]
[www.bandungbandarasoetta.id/home/n1602214/public_html/rafaeltourtravel.net/wp-content/fonts/poppins/pxiByp8kv8JHgFVrLBT5Z1JlE92JQEl8qw.html]
[www.bandungbandarasoetta.id/home/n1602214/public_html/rafaeltourtravel.net/wp-content/fonts/poppins/pxiByp8kv8JHgFVrLBT5Z1xlE92JQEk.html]
[www.bandungbandarasoetta.id/home/n1602214/public_html/rafaeltourtravel.net/wp-content/fonts/dancing-script/If2cXTr6YS-zF4S-kcSWSVi_sxjsohD9F50Ruu7BMSo3Rep6hNX6pmRMjLo.html]
[www.bandungbandarasoetta.id/home/n1602214/public_html/rafaeltourtravel.net/wp-content/fonts/dancing-script/If2cXTr6YS-zF4S-kcSWSVi_sxjsohD9F50Ruu7BMSo3ROp6hNX6pmRMjLo.html]
[www.bandungbandarasoetta.id/home/n1602214/public_html/rafaeltourtravel.net/wp-content/fonts/dancing-script/If2cXTr6YS-zF4S-kcSWSVi_sxjsohD9F50Ruu7BMSo3Sup6hNX6pmRM.html]
